C:\Users\johnk\OneDrive\Documents\Software\cg2271\CG2271_Final_Project\drivers/fsl_clock.h:469:20:CLOCK_SetLpuart0Clock	16	static
C:\Users\johnk\OneDrive\Documents\Software\cg2271\CG2271_Final_Project\drivers/fsl_clock.h:630:20:CLOCK_SetSimSafeDivs	8	static
C:\Users\johnk\OneDrive\Documents\Software\cg2271\CG2271_Final_Project\drivers/fsl_smc.h:256:20:SMC_SetPowerModeProtection	16	static
C:\Users\johnk\OneDrive\Documents\Software\cg2271\CG2271_Final_Project\drivers/fsl_smc.h:275:33:SMC_GetPowerModeState	16	static
../board/clock_config.c:48:6:BOARD_InitBootClocks	8	static
../board/clock_config.c:118:6:BOARD_BootClockRUN	8	static
../board/clock_config.c:187:6:BOARD_BootClockVLPR	8	static
