../drivers/fsl_lpuart.h:762:20:LPUART_EnableTx	16	static
../drivers/fsl_lpuart.h:782:20:LPUART_EnableRx	16	static
../drivers/fsl_lpuart_cmsis.c:346:16:LPUART_CommonControl	56	static
../drivers/fsl_lpuart_cmsis.c:485:27:LPUARTx_GetVersion	16	static
../drivers/fsl_lpuart_cmsis.c:490:31:LPUARTx_GetCapabilities	8	static
../drivers/fsl_lpuart_cmsis.c:495:16:LPUARTx_SetModemControl	16	static
../drivers/fsl_lpuart_cmsis.c:500:31:LPUARTx_GetModemStatus	16	static
../drivers/fsl_lpuart_cmsis.c:1130:13:KSDK_LPUART_NonBlockingCallback	32	static
../drivers/fsl_lpuart_cmsis.c:1154:16:LPUART_NonBlockingInitialize	16	static
../drivers/fsl_lpuart_cmsis.c:1166:16:LPUART_NonBlockingUninitialize	16	static
../drivers/fsl_lpuart_cmsis.c:1172:16:LPUART_NonBlockingPowerControl	40	static
../drivers/fsl_lpuart_cmsis.c:1221:16:LPUART_NonBlockingSend	40	static
../drivers/fsl_lpuart_cmsis.c:1251:16:LPUART_NonBlockingReceive	48	static
../drivers/fsl_lpuart_cmsis.c:1281:16:LPUART_NonBlockingTransfer	24	static
../drivers/fsl_lpuart_cmsis.c:1290:17:LPUART_NonBlockingGetTxCount	24	static
../drivers/fsl_lpuart_cmsis.c:1303:17:LPUART_NonBlockingGetRxCount	24	static
../drivers/fsl_lpuart_cmsis.c:1315:16:LPUART_NonBlockingControl	32	static
../drivers/fsl_lpuart_cmsis.c:1358:25:LPUART_NonBlockingGetStatus	32	static
../drivers/fsl_lpuart_cmsis.c:1581:16:LPUART0_NonBlockingInitialize	16	static
../drivers/fsl_lpuart_cmsis.c:1589:16:LPUART0_NonBlockingUninitialize	8	static
../drivers/fsl_lpuart_cmsis.c:1597:16:LPUART0_NonBlockingPowerControl	24	static
../drivers/fsl_lpuart_cmsis.c:1615:16:LPUART0_NonBlockingSend	16	static
../drivers/fsl_lpuart_cmsis.c:1620:16:LPUART0_NonBlockingReceive	16	static
../drivers/fsl_lpuart_cmsis.c:1625:16:LPUART0_NonBlockingTransfer	24	static
../drivers/fsl_lpuart_cmsis.c:1630:17:LPUART0_NonBlockingGetTxCount	8	static
../drivers/fsl_lpuart_cmsis.c:1635:17:LPUART0_NonBlockingGetRxCount	8	static
../drivers/fsl_lpuart_cmsis.c:1640:16:LPUART0_NonBlockingControl	24	static
../drivers/fsl_lpuart_cmsis.c:1661:25:LPUART0_NonBlockingGetStatus	8	static
