C:\Users\johnk\OneDrive\Documents\Software\cg2271\CG2271_Final_Project\CMSIS/core_cm0plus.h:757:22:__NVIC_EnableIRQ	16	static
../drivers/fsl_common_arm.h:678:24:EnableIRQ	24	static
../drivers/fsl_lpuart.h:694:25:LPUART_GetDataRegisterAddress	16	static
../drivers/fsl_lpuart.h:707:20:LPUART_EnableTxDMA	16	static
../drivers/fsl_lpuart.h:727:20:LPUART_EnableRxDMA	16	static
../drivers/fsl_dma.h:358:20:DMA_DisableInterrupts	16	static
../drivers/fsl_dma.h:446:24:DMA_GetRemainingBytes	16	static
../drivers/fsl_dma.h:476:20:DMA_ClearChannelStatusFlags	24	static
../drivers/fsl_dma.h:589:20:DMA_StartTransfer	16	static
../drivers/fsl_lpuart_dma.c:74:13:LPUART_TransferSendDMACallback	24	static
../drivers/fsl_lpuart_dma.c:92:13:LPUART_TransferReceiveDMACallback	32	static
../drivers/fsl_lpuart_dma.c:127:6:LPUART_TransferCreateHandleDMA	32	static
../drivers/fsl_lpuart_dma.c:206:10:LPUART_TransferSendDMA	72	static
../drivers/fsl_lpuart_dma.c:258:10:LPUART_TransferReceiveDMA	72	static
../drivers/fsl_lpuart_dma.c:305:6:LPUART_TransferAbortSendDMA	16	static
../drivers/fsl_lpuart_dma.c:331:6:LPUART_TransferAbortReceiveDMA	16	static
../drivers/fsl_lpuart_dma.c:362:10:LPUART_TransferGetSendCountDMA	32	static
../drivers/fsl_lpuart_dma.c:390:10:LPUART_TransferGetReceiveCountDMA	32	static
../drivers/fsl_lpuart_dma.c:416:6:LPUART_TransferDMAHandleIRQ	32	static
