C:\Users\johnk\OneDrive\Documents\Software\cg2271\CG2271_Final_Project\CMSIS/core_cm0plus.h:757:22:__NVIC_EnableIRQ	16	static
C:\Users\johnk\OneDrive\Documents\Software\cg2271\CG2271_Final_Project\CMSIS/core_cm0plus.h:795:22:__NVIC_DisableIRQ	16	static
C:\Users\johnk\OneDrive\Documents\Software\cg2271\CG2271_Final_Project\CMSIS/core_cm0plus.h:848:22:__NVIC_ClearPendingIRQ	16	static
C:\Users\johnk\OneDrive\Documents\Software\cg2271\CG2271_Final_Project\CMSIS/core_cm0plus.h:866:22:__NVIC_SetPriority	24	static
../source/CG2271_Final_Project.c:68:6:initLEDs	8	static
../source/CG2271_Final_Project.c:92:6:setLEDColor	24	static
../source/CG2271_Final_Project.c:104:6:setBuzzer	16	static
../source/CG2271_Final_Project.c:113:6:initButtonIRQ	8	static
../source/CG2271_Final_Project.c:137:6:PORTA_IRQHandler	16	static
../source/CG2271_Final_Project.c:154:6:initUART2	24	static
../source/CG2271_Final_Project.c:190:6:UART2_FLEXIO_IRQHandler	80	static
../source/CG2271_Final_Project.c:217:6:UART2_SendString	16	static
../source/CG2271_Final_Project.c:242:13:buttonTask	24	static
../source/CG2271_Final_Project.c:265:13:uartReceiveTask	144	static
../source/CG2271_Final_Project.c:325:13:ledControlTask	56	static
../source/CG2271_Final_Project.c:366:13:displayTask	96	static
../source/CG2271_Final_Project.c:397:5:main	16	static
