C:\Users\johnk\OneDrive\Documents\Software\cg2271\CG2271_Final_Project\CMSIS/core_cm0plus.h:757:22:__NVIC_EnableIRQ	16	static
C:\Users\johnk\OneDrive\Documents\Software\cg2271\CG2271_Final_Project\CMSIS/core_cm0plus.h:795:22:__NVIC_DisableIRQ	16	static
C:\Users\johnk\OneDrive\Documents\Software\cg2271\CG2271_Final_Project\CMSIS/core_cm0plus.h:848:22:__NVIC_ClearPendingIRQ	16	static
C:\Users\johnk\OneDrive\Documents\Software\cg2271\CG2271_Final_Project\CMSIS/core_cm0plus.h:866:22:__NVIC_SetPriority	24	static
C:\Users\johnk\OneDrive\Documents\Software\cg2271\CG2271_Final_Project\drivers/fsl_slcd.h:405:20:SLCD_StartDisplay	16	static
C:\Users\johnk\OneDrive\Documents\Software\cg2271\CG2271_Final_Project\drivers/fsl_slcd.h:477:20:SLCD_SetFrontPlaneSegments	24	static
../source/CG2271_Final_Project.c:69:6:initLEDs	8	static
../source/CG2271_Final_Project.c:93:6:setLEDColor	24	static
../source/CG2271_Final_Project.c:105:6:setBuzzer	16	static
../source/CG2271_Final_Project.c:114:6:initButtonIRQ	8	static
../source/CG2271_Final_Project.c:138:6:PORTA_IRQHandler	16	static
../source/CG2271_Final_Project.c:155:6:initUART2	24	static
../source/CG2271_Final_Project.c:191:6:UART2_FLEXIO_IRQHandler	80	static
../source/CG2271_Final_Project.c:218:6:UART2_SendString	16	static
../source/CG2271_Final_Project.c:243:13:buttonTask	24	static
../source/CG2271_Final_Project.c:266:13:uartReceiveTask	144	static
../source/CG2271_Final_Project.c:335:13:ledControlTask	56	static
../source/CG2271_Final_Project.c:362:6:showScoreOnScreen	32	static
../source/CG2271_Final_Project.c:407:13:displayTask	56	static
../source/CG2271_Final_Project.c:442:5:main	16	static
